D:\Projekty BER\Embraco_LinkaOdlievania\Temp\Includes\AS_TempDecl\Config1\GlobalComponents\MpComponents.var
D:\Projekty BER\Embraco_LinkaOdlievania\Logical\Global.typ
D:\Projekty BER\Embraco_LinkaOdlievania\Logical\Global.var
D:\Projekty BER\Embraco_LinkaOdlievania\Logical\Libraries\operator\operator.fun
D:\Projekty BER\Embraco_LinkaOdlievania\Logical\Libraries\operator\operator.typ
D:\Projekty BER\Embraco_LinkaOdlievania\Logical\Libraries\operator\operator.var
D:\Projekty BER\Embraco_LinkaOdlievania\Logical\Libraries\runtime\runtime.fun
D:\Projekty BER\Embraco_LinkaOdlievania\Logical\Libraries\runtime\runtime.typ
D:\Projekty BER\Embraco_LinkaOdlievania\Logical\Libraries\runtime\runtime.var
D:\Projekty BER\Embraco_LinkaOdlievania\Logical\Libraries\astime\astime.fun
D:\Projekty BER\Embraco_LinkaOdlievania\Logical\Libraries\astime\astime.typ
D:\Projekty BER\Embraco_LinkaOdlievania\Logical\Libraries\astime\astime.var
D:\Projekty BER\Embraco_LinkaOdlievania\Logical\Libraries\AsIecCon\AsIecCon.fun
D:\Projekty BER\Embraco_LinkaOdlievania\Logical\Libraries\AsIecCon\AsIecCon.typ
D:\Projekty BER\Embraco_LinkaOdlievania\Logical\Libraries\AsIecCon\AsIecCon.var
D:\Projekty BER\Embraco_LinkaOdlievania\Logical\Libraries\standard\standard.fun
D:\Projekty BER\Embraco_LinkaOdlievania\Logical\Libraries\standard\standard.typ
D:\Projekty BER\Embraco_LinkaOdlievania\Logical\Libraries\standard\standard.var
D:\Projekty BER\Embraco_LinkaOdlievania\Logical\Libraries\AsSafety\AsSafety.fun
D:\Projekty BER\Embraco_LinkaOdlievania\Logical\Libraries\AsSafety\AsSafety.typ
D:\Projekty BER\Embraco_LinkaOdlievania\Logical\Libraries\AsSafety\AsSafety.var
D:\Projekty BER\Embraco_LinkaOdlievania\Logical\Libraries\FileIO\FileIO.fun
D:\Projekty BER\Embraco_LinkaOdlievania\Logical\Libraries\FileIO\FileIO.typ
D:\Projekty BER\Embraco_LinkaOdlievania\Logical\Libraries\FileIO\FileIO.var
D:\Projekty BER\Embraco_LinkaOdlievania\Logical\Libraries\DataObj\DataObj.fun
D:\Projekty BER\Embraco_LinkaOdlievania\Logical\Libraries\DataObj\DataObj.typ
D:\Projekty BER\Embraco_LinkaOdlievania\Logical\Libraries\DataObj\DataObj.var
D:\Projekty BER\Embraco_LinkaOdlievania\Logical\Libraries\AsXml\AsXml.fun
D:\Projekty BER\Embraco_LinkaOdlievania\Logical\Libraries\AsXml\AsXml.typ
D:\Projekty BER\Embraco_LinkaOdlievania\Logical\Libraries\AsXml\AsXml.var
D:\Projekty BER\Embraco_LinkaOdlievania\Logical\Libraries\brsystem\brsystem.fun
D:\Projekty BER\Embraco_LinkaOdlievania\Logical\Libraries\brsystem\brsystem.typ
D:\Projekty BER\Embraco_LinkaOdlievania\Logical\Libraries\brsystem\brsystem.var
D:\Projekty BER\Embraco_LinkaOdlievania\Logical\Libraries\sys_lib\sys_lib.fun
D:\Projekty BER\Embraco_LinkaOdlievania\Logical\Libraries\sys_lib\sys_lib.typ
D:\Projekty BER\Embraco_LinkaOdlievania\Logical\Libraries\sys_lib\sys_lib.var
D:\Projekty BER\Embraco_LinkaOdlievania\Logical\Libraries\IecCheck\IecCheck.fun
D:\Projekty BER\Embraco_LinkaOdlievania\Logical\Libraries\SC\Types.typ
D:\Projekty BER\Embraco_LinkaOdlievania\Logical\Libraries\SC\Constants.var
D:\Projekty BER\Embraco_LinkaOdlievania\Logical\Libraries\SC\SC.fun
D:\Projekty BER\Embraco_LinkaOdlievania\Logical\Libraries\AsBrStr\AsBrStr.fun
D:\Projekty BER\Embraco_LinkaOdlievania\Logical\Libraries\AsBrStr\AsBrStr.typ
D:\Projekty BER\Embraco_LinkaOdlievania\Logical\Libraries\AsBrStr\AsBrStr.var
D:\Projekty BER\Embraco_LinkaOdlievania\Logical\Libraries\AsEPL\AsEPL.fun
D:\Projekty BER\Embraco_LinkaOdlievania\Logical\Libraries\AsEPL\AsEPL.typ
D:\Projekty BER\Embraco_LinkaOdlievania\Logical\Libraries\AsEPL\AsEPL.var
D:\Projekty BER\Embraco_LinkaOdlievania\Logical\Libraries\AsIOAcc\AsIOAcc.fun
D:\Projekty BER\Embraco_LinkaOdlievania\Logical\Libraries\AsIOAcc\AsIOAcc.typ
D:\Projekty BER\Embraco_LinkaOdlievania\Logical\Libraries\AsIOAcc\AsIOAcc.var
D:\Projekty BER\Embraco_LinkaOdlievania\Logical\Libraries\AxisLib\AxisLib.typ
D:\Projekty BER\Embraco_LinkaOdlievania\Logical\Libraries\AxisLib\AxisLib.var
D:\Projekty BER\Embraco_LinkaOdlievania\Logical\Libraries\AxisLib\AxisLib.fun
D:\Projekty BER\Embraco_LinkaOdlievania\Logical\Libraries\Analog\Analog.typ
D:\Projekty BER\Embraco_LinkaOdlievania\Logical\Libraries\Analog\Analog.var
D:\Projekty BER\Embraco_LinkaOdlievania\Logical\Libraries\Analog\Analog.fun
D:\Projekty BER\Embraco_LinkaOdlievania\Logical\Libraries\RFID\RFID.typ
D:\Projekty BER\Embraco_LinkaOdlievania\Logical\Libraries\RFID\RFID.var
D:\Projekty BER\Embraco_LinkaOdlievania\Logical\Libraries\RFID\RFID.fun
D:\Projekty BER\Embraco_LinkaOdlievania\Logical\Libraries\dvframe\dvframe.fun
D:\Projekty BER\Embraco_LinkaOdlievania\Logical\Libraries\dvframe\dvframe.typ
D:\Projekty BER\Embraco_LinkaOdlievania\Logical\Libraries\dvframe\dvframe.var
D:\Projekty BER\Embraco_LinkaOdlievania\Logical\Libraries\AsUSB\AsUSB.fun
D:\Projekty BER\Embraco_LinkaOdlievania\Logical\Libraries\AsUSB\AsUSB.typ
D:\Projekty BER\Embraco_LinkaOdlievania\Logical\Libraries\AsUSB\AsUSB.var
D:\Projekty BER\Embraco_LinkaOdlievania\Logical\Libraries\asstring\asstring.fun
D:\Projekty BER\Embraco_LinkaOdlievania\Logical\Libraries\asstring\asstring.typ
D:\Projekty BER\Embraco_LinkaOdlievania\Logical\Libraries\asstring\asstring.var
D:\Projekty BER\Embraco_LinkaOdlievania\Logical\Libraries\LoopConR\LoopConR.var
D:\Projekty BER\Embraco_LinkaOdlievania\Logical\Libraries\LoopConR\LoopConR.typ
D:\Projekty BER\Embraco_LinkaOdlievania\Logical\Libraries\LoopConR\LoopConR.fun
D:\Projekty BER\Embraco_LinkaOdlievania\Logical\Libraries\Acp10man\Acp10man.typ
D:\Projekty BER\Embraco_LinkaOdlievania\Logical\Libraries\Acp10par\Acp10par.var
D:\Projekty BER\Embraco_LinkaOdlievania\Logical\Libraries\NcGlobal\NcGlobal.fun
D:\Projekty BER\Embraco_LinkaOdlievania\Logical\Libraries\NcGlobal\NcGlobal.typ
D:\Projekty BER\Embraco_LinkaOdlievania\Logical\Libraries\NcGlobal\NcGlobal.var
D:\Projekty BER\Embraco_LinkaOdlievania\Logical\Libraries\Acp10sim\acp10sim.var
D:\Projekty BER\Embraco_LinkaOdlievania\Logical\Libraries\Acp10sim\acp10sim.typ
D:\Projekty BER\Embraco_LinkaOdlievania\Logical\Libraries\Acp10_MC\acp10_mc.fun
D:\Projekty BER\Embraco_LinkaOdlievania\Logical\Libraries\Acp10_MC\acp10_mc.typ
D:\Projekty BER\Embraco_LinkaOdlievania\Logical\Libraries\Acp10_MC\acp10_mc.var
D:\Projekty BER\Embraco_LinkaOdlievania\Logical\Libraries\MpRecipe\MpRecipe.typ
D:\Projekty BER\Embraco_LinkaOdlievania\Logical\Libraries\MpRecipe\MpRecipeAlarm.typ
D:\Projekty BER\Embraco_LinkaOdlievania\Logical\Libraries\MpRecipe\MpRecipeError.typ
D:\Projekty BER\Embraco_LinkaOdlievania\Logical\Libraries\MpRecipe\MpRecipe.fun
D:\Projekty BER\Embraco_LinkaOdlievania\Logical\Libraries\MpBase\MpBase.typ
D:\Projekty BER\Embraco_LinkaOdlievania\Logical\Libraries\MpBase\MpBase.var
D:\Projekty BER\Embraco_LinkaOdlievania\Logical\Libraries\MpBase\MpBase.fun
D:\Projekty BER\Embraco_LinkaOdlievania\Logical\Libraries\MpCom\MpCom.var
D:\Projekty BER\Embraco_LinkaOdlievania\Logical\Libraries\MpCom\MpCom.typ
D:\Projekty BER\Embraco_LinkaOdlievania\Logical\Libraries\MpCom\MpComError.typ
D:\Projekty BER\Embraco_LinkaOdlievania\Logical\Libraries\MpCom\MpCom.fun
D:\Projekty BER\Embraco_LinkaOdlievania\Logical\Zoznam_IO\Vstupy.var
D:\Projekty BER\Embraco_LinkaOdlievania\Logical\Zoznam_IO\Vystupy.var
D:\Projekty BER\Embraco_LinkaOdlievania\Logical\Zoznam_IO\SafetyVstupy.var
D:\Projekty BER\Embraco_LinkaOdlievania\Logical\Zoznam_IO\SafetyVystupy.var
